../Core/Src/main.c:79:5:main	8	static
../Core/Src/main.c:133:6:BL_UART_read_data	16	static
../Core/Src/main.c:161:6:userApp	24	static,ignoring_inline_asm
../Core/Src/main.c:184:6:uart_printf	144	static
../Core/Src/main.c:196:6:BL_getver_handler	32	static
../Core/Src/main.c:218:6:BL_getrdp_handler	32	static
../Core/Src/main.c:239:6:BL_flash_erase_handler	32	static
../Core/Src/main.c:266:6:SystemClock_Config	88	static
../Core/Src/main.c:314:13:MX_CRC_Init	8	static
../Core/Src/main.c:340:13:MX_USART2_UART_Init	8	static
../Core/Src/main.c:373:13:MX_USART3_UART_Init	8	static
../Core/Src/main.c:406:13:MX_GPIO_Init	48	static
../Core/Src/main.c:439:6:BL_send_ack	24	static
../Core/Src/main.c:447:6:BL_send_nack	16	static
../Core/Src/main.c:452:9:BL_CRC_check	40	static
../Core/Src/main.c:467:9:flash_erase	48	static
../Core/Src/main.c:501:6:Error_Handler	4	static,ignoring_inline_asm
